Renesas Optimizing Linker (V2.06.00 )             01-Nov-2018 10:30:21

*** Options ***

-subcommand=DefaultBuild\jlpoc.clnk
-input=DefaultBuild\main.obj
-input=DefaultBuild\ingeek_ble_server.obj
-input=DefaultBuild\Task2.obj
-input=DefaultBuild\Task1.obj
-input=DefaultBuild\rlin3_api.obj
-input=DefaultBuild\rlin3_as.obj
-input=DefaultBuild\rlin3_p.obj
-input=DefaultBuild\standardports_p.obj
-input=DefaultBuild\map_rlin3_irq.obj
-input=DefaultBuild\LinTask.obj
-input=DefaultBuild\BspDataFlash.obj
-input=DefaultBuild\BspTimer.obj
-input=DefaultBuild\can_table.obj
-input=DefaultBuild\Mslcan.obj
-input=DefaultBuild\rscan.obj
-input=DefaultBuild\Kit1.obj
-input=DefaultBuild\Uart33.obj
-input=DefaultBuild\printf.obj
-input=DefaultBuild\BspWatchDog.obj
-input=DefaultBuild\ostm0.obj
-input=DefaultBuild\boot.obj
-input=DefaultBuild\cstart.obj
-input=DefaultBuild\r_clock.obj
-input=DefaultBuild\r_interrupt.obj
-input=DefaultBuild\Bllcan.obj
-input=DefaultBuild\UserSys.obj
-input=DefaultBuild\Uart30.obj
-input=DefaultBuild\MslATMode.obj
-input=DefaultBuild\MslGattMode.obj
-input=DefaultBuild\UtilityRingQ.obj
-input=DefaultBuild\TaskOS.obj
-library=SDK\ingeek.lib
-debug
-nocompress
-output=DefaultBuild\jlpoc.abs
-library=v850e3v5\rhs8n.lib
-library=v850e3v5\libmalloc.lib
-list=DefaultBuild\jlpoc.map
-start=RESET,EIINTTBL/0,.const,.INIT_DSEC.const,.INIT_BSEC.const,FACI_RAM_CODE.text,.text,.data/00008000,.data.R,.bss,.stack.bss/FEDFC000
-rom=.data=.data.R
-memory=high
-nologo
-end

*** Error information ***

*** Mapping List ***

SECTION                            START      END         SIZE   ALIGN

RESET
                                  00000000  000001f7       1f8   200
EIINTTBL
                                  00000200  0000067f       480   200
.const
                                  00008000  00009477      1478   4
.INIT_DSEC.const
                                  00009478  00009483         c   4
.INIT_BSEC.const
                                  00009484  0000948b         8   4
FACI_RAM_CODE.text
                                  0000948c  000095e1       156   2
.text
                                  000095e2  00015e49      c868   2
.data
                                  00015e4c  0001643b       5f0   4
.data.R
                                  fedfc000  fedfc5ef       5f0   4
.bss
                                  fedfc5f0  fedfeb27      2538   4
.stack.bss
                                  fedfeb28  fedfed27       200   4
